[
  {
    "id": "R01",
    "pdf": "PASS",
    "pages": 7
  },
  {
    "id": "R02",
    "pdf": "PASS",
    "pages": 6
  },
  {
    "id": "R03",
    "pdf": "PASS",
    "pages": 5
  },
  {
    "id": "R04",
    "pdf": "PASS",
    "pages": 10
  },
  {
    "id": "R05",
    "pdf": "PASS",
    "pages": 15
  },
  {
    "id": "R06",
    "pdf": "PASS",
    "pages": 7
  },
  {
    "id": "L01",
    "pdf": "PASS",
    "pages": 4
  },
  {
    "id": "L02",
    "pdf": "PASS",
    "pages": 4
  },
  {
    "id": "L03",
    "pdf": "PASS",
    "pages": 7
  },
  {
    "id": "L04",
    "pdf": "PASS",
    "pages": 2
  },
  {
    "id": "I01",
    "pdf": "PASS",
    "pages": 8
  }
]
