✔ データ説明は元の有限値を保持する: 0 (1.6069ms)
✔ データ説明は元の有限値を保持する: 0 (0.0945ms)
✔ データ説明は元の有限値を保持する: -12 (0.058ms)
✔ データ説明は元の有限値を保持する: 0.125 (0.0698ms)
✔ データ説明は元の有限値を保持する: 5e-324 (0.0877ms)
✔ データ説明は元の有限値を保持する: 1.7976931348623157e+308 (0.0594ms)
✔ データ説明は元の有限値を保持する: -1.7976931348623157e+308 (0.0476ms)
✔ データ説明は軸割当と割合を共有し、保存マーカーと入力を変更しない (1.2967ms)
✔ データ説明は非有限な表示引数でもNaNとInfinityを出さない (0.1458ms)
✔ 初期グラフは棒グラフ、空の1行、円グラフ用の既定設定を持つ (0.6499ms)
✔ 円グラフの表示系列は安定IDで正規化、保存、系列操作後も解決する (1.2222ms)
✔ 円グラフの項目色は安定IDで保存し、旧データと不正値を安全に扱う (0.7115ms)
✔ 円グラフの0値項目も安定IDの保存色を保持し、表示対象順で既定色を解決する (0.2311ms)
✔ 項目名と小数を含む保存形式を同じ内容へ復元し、凡例設定を保持する (0.2416ms)
✔ 不正な種別、数値、色、ラベル設定を安全な既定値へ正規化する (0.1031ms)
✔ 折れ線グラフは共通データと表示設定を保存し、旧データの点表示は既定で有効にする (0.3031ms)
✔ 種類を棒から折れ線、円、棒へ切り替えてもID、共通データ、表示設定を保持する (0.2731ms)
✔ 棒の向きは既定の縦へ正規化し、種類切替、保存、並べ替え後も保持する (0.4688ms)
✔ 横棒の座標は集合、積み上げ、100%積み上げで有限かつ連続になる (1.3879ms)
✔ 横棒の長い日本語項目名は左領域を上限付きで確保し、全文を保持して短縮する (0.2474ms)
✔ 共通ラベル整形は短い日本語を保持し、長い日本語・英数字・空白なし文字列を2行と省略記号へ収める (0.1003ms)
✔ カテゴリ軸ラベルは幅・件数から間引き、短いラベルは全件、狭幅では重なりなく先頭または末尾を残す (0.4034ms)
✔ 数値目盛りと軸余白は有限値だけを使い、狭い領域で密度を下げ、0でも少なくとも1目盛りを返す (0.7246ms)
✔ 数値軸は巨大有限値の目盛り全体と安全余白を確保し、小さい値の余白は広げない (0.232ms)
✔ 通常積み上げの合計値設定は安全に正規化、直列化し、表示対象だけを判定する (0.2926ms)
✔ 項目別合計は全系列から不変に導出し、旧形式、並べ替え、追加削除へ追従する (0.2674ms)
✔ 項目別合計は巨大な有限値の上限超過をInfinityにせず公開する (0.0843ms)
✔ 最大有限の積み上げ合計は表示の丸めで上限超過にしない (0.2464ms)
✔ 積み上げ合計は視覚用を短縮し、詳細値と非有限値保護を分離する (0.108ms)
✔ 積み上げ棒の座標は系列順を保ち、同じ項目で連続して積み上がる (0.3589ms)
✔ 積み上げ棒は0、単一系列、巨大値でも有限で負でない座標にする (0.2002ms)
✔ 100%積み上げは項目ごとの割合をscaleBase経由で安全に計算し、元値を変えない (0.1615ms)
✔ 100%積み上げは項目単位の安全な縮小で極端な桁差を保ち、通常積み上げを変えない (0.2032ms)
✔ 100%積み上げは0、単一系列、巨大有限値、系列の追加削除後も有限に再計算する (0.2049ms)
✔ 集合、積み上げ、100%積み上げの切替は元データを変えず、保存後も復元する (0.251ms)
✔ 折れ線の座標は入力順を保ち、0件・1件・同値・小数でも有限にする (0.1877ms)
✔ 表示系列、共通スケール、折れ線横幅はグラフ種別ごとの規則を共有する (0.2466ms)
✔ 円グラフは共通項目データを使い、最後の扇形まで合計100%にする (0.122ms)
✔ 1項目の円グラフ、合計0、chartTypeなしの旧データを区別して正規化する (0.0865ms)
✔ 巨大な有限値も最大値で正規化して有限な比率と角度にする (0.0963ms)
✔ 通常値、合計0、1項目、0を挟む色順の円グラフ契約を維持する (0.1096ms)
✔ 未知の保存データで不正な行があっても最大50件に収めて安定IDを作る (0.1248ms)
✔ カーソル位置への挿入と既存マーカー内部の境界補正を行う (1.0782ms)
✔ 置換と削除は対象グラフだけを更新する (0.6356ms)
✔ コードフェンスと画像ブロック内のマーカーはグラフとして扱わない (0.2348ms)
✔ 壊れたマーカーは本文として残し、要約用テキストへ有効項目を含める (0.5812ms)
✔ 旧形式は第1系列へ読み込み時に正規化し、保存時だけ新形式へ移行する (0.2165ms)
✔ 2系列・3系列を項目順へ正規化し、不正値、余剰値、4系列目を安全に扱う (0.1194ms)
✔ 系列の値は項目の追加・削除を経ても対応を保てる正規化長へそろえる (0.0585ms)
✔ 項目の移動は3系列の値を同じ位置で一体に並べ替え、IDと入力を維持する (0.1387ms)
✔ 項目の連続移動と範囲外操作は安全で、少数・0・巨大な有限値を保持する (0.2942ms)
✔ 系列の移動はID、名前、色、全項目値を一体で並べ替え、項目を変更しない (0.303ms)
✔ 旧形式の正規化後も系列順は直列化、表示系列、積み上げ順で維持される (0.4572ms)
✔ 旧形式の正規化後も移動、直列化、表示系列、積み上げ座標の対応を維持する (0.3084ms)
✔ 正数の軸範囲に0を含める (0.0607ms)
✔ 負数の軸範囲に0を含める (0.0247ms)
✔ 混在の軸範囲に0を含める (0.0206ms)
✔ 全値0の軸範囲に0を含める (0.022ms)
✔ 負の0の軸範囲に0を含める (0.0178ms)
✔ 複数系列の共通範囲を求める (0.124ms)
✔ 有限な負数、小数と負の0を正規化・直列化・再読込する (0.2938ms)
✔ 負数を含む項目と系列をID・色ごと並べ替えて保存する (0.3054ms)
✔ 極端な正負値の有限な軸・目盛り・座標: -1.7976931348623157e+308,1.7976931348623157e+308 (0.3055ms)
✔ 極端な正負値の有限な軸・目盛り・座標: -5e-324,5e-324 (0.0984ms)
✔ 極端な正負値の有限な軸・目盛り・座標: -3e-7,2e-7 (0.077ms)
✔ 極端な正負値の有限な軸・目盛り・座標: -1e-300,1e+300 (0.0441ms)
✔ 極端な正負値の有限な軸・目盛り・座標: -1e+300,1e-300 (0.0512ms)
✔ 極端な正負値の有限な軸・目盛り・座標: 0,0 (0.0367ms)
✔ 縦棒は0から正負の反対方向へ伸び、寸法が非負になる (0.1746ms)
✔ 横棒は0から正負の反対方向へ伸び、寸法が非負になる (0.0356ms)
✔ 横棒の複数系列は同じ0位置と系列順を使う (0.2344ms)
✔ 折れ線は共通軸の正数・0・負数順で配置し不正値を描かない (0.0934ms)
✔ pie/groupedは負数を保持し描画と保存を拒否する (0.6277ms)
✔ 円グラフの非選択系列や空項目の負数も保存前に検出する (0.0881ms)
✔ NaN・Infinity・不正文字列・途中入力は有限値として確定しない (0.3352ms)
✔ 旧単一系列の正負値を本文の読込だけで変更しない (0.6488ms)
✔ 負数の値ラベルを短縮し元値を変えずSVG内と衝突回避位置へ置く (0.2763ms)
✔ 桁差の大きい軸では0と重なる側の目盛りを間引き元の範囲を維持する (0.0857ms)
✔ 種別欠損・未知種別も正規化後の100%積み上げ契約で負数を保持する (0.2671ms)
✔ 負数の事前検証後も配列でない円データを安全に扱う (0.0718ms)
✔ 負数の事前検証後も欠損した旧系列値を安全に扱う (0.3661ms)
✔ 発散型積み上げ: 正数 (0.5456ms)
✔ 発散型積み上げ: 負数 (0.2419ms)
✔ 発散型積み上げ: 混在 (0.2715ms)
✔ 発散型積み上げ: 負側累計 (0.2627ms)
✔ 発散型積み上げ: 0を含む (0.2133ms)
✔ 発散型積み上げ: 全0 (0.1702ms)
✔ 発散型積み上げ: 負の0 (0.1445ms)
✔ 発散型積み上げ: 1系列 (0.1446ms)
✔ 発散型積み上げ: 小数 (0.5845ms)
✔ 発散型積み上げ: 極小 (0.2235ms)
✔ 発散型積み上げ: 巨大有限 (0.2276ms)
✔ 発散型積み上げ: 最大有限 (0.2452ms)
✔ 発散型積み上げ: 正側超過 (0.2399ms)
✔ 発散型積み上げ: 負側超過 (0.1918ms)
✔ 発散型積み上げ: 桁差 (0.1954ms)
✔ 発散型積み上げ: 逆の桁差 (0.2121ms)
✔ 発散型は項目ごとの正負を共通軸で比較し正数の既存座標を保つ (0.2144ms)
✔ 発散型は不正入力を拒否: NaN (0.1537ms)
✔ 発散型は不正入力を拒否: Infinity (0.0549ms)
✔ 発散型は不正入力を拒否: -Infinity (0.0468ms)
✔ 発散型は不正入力を拒否: - (0.0454ms)
✔ 発散型は不正入力を拒否:  (0.0507ms)
✔ 発散型は不正入力を拒否: 1e (0.0431ms)
✔ 通常積み上げは形式を往復してもID・値・色・向き・保存契約を保持する (1.3942ms)
✔ 発散型の最小正数の軸でも0と丸められた目盛りを重複表示しない (0.1164ms)
✔ 発散型100%: 混在を縦横共通で正負別正規化する (0.3717ms)
✔ 発散型100%: 正のみを縦横共通で正負別正規化する (0.2467ms)
✔ 発散型100%: 負のみを縦横共通で正負別正規化する (0.2157ms)
✔ 発散型100%: 全0を縦横共通で正負別正規化する (0.1943ms)
✔ 発散型100%: 単一負数を縦横共通で正負別正規化する (0.1913ms)
✔ 発散型100%: 巨大正側を縦横共通で正負別正規化する (0.1924ms)
✔ 発散型100%: 巨大負側を縦横共通で正負別正規化する (0.4468ms)
✔ 発散型100%: 微小負側を縦横共通で正負別正規化する (0.1962ms)
✔ 発散型100%: 微小正側を縦横共通で正負別正規化する (0.1528ms)
✔ 発散型100%: 同符号桁差を縦横共通で正負別正規化する (0.159ms)
✔ 発散型100%: 小数を縦横共通で正負別正規化する (0.1316ms)
✔ 発散型100%: 最小値を縦横共通で正負別正規化する (0.1133ms)
✔ 発散型100%は別項目の正負も全体軸へ反映し、片側ごとの微小値を保持する (0.1598ms)
✔ 発散型100%でも非有限値・途中入力の確定を拒否し円の負数制限を保持する (0.6061ms)
✔ 複合は初回だけ最後の正規化済みIDを選び、旧棒へ設定を追加しない (0.245ms)
✔ 複合の安定IDは名前・色・項目系列の並べ替え・追加削除で保持する (0.1911ms)
✔ 複合の1系列と欠損系列は日本語で保存を拒否し値を失わない (0.1785ms)
✔ 複合の共通軸とカテゴリ中央・有限座標: 正のみ (0.7395ms)
✔ 複合の共通軸とカテゴリ中央・有限座標: 負のみ (0.2465ms)
✔ 複合の共通軸とカテゴリ中央・有限座標: 混在 (0.3997ms)
✔ 複合の共通軸とカテゴリ中央・有限座標: 全0 (0.3586ms)
✔ 複合の共通軸とカテゴリ中央・有限座標: 巨大有限 (0.3135ms)
✔ 複合の共通軸とカテゴリ中央・有限座標: 桁差 (0.2492ms)
✔ 複合の共通軸とカテゴリ中央・有限座標: 極小 (0.2283ms)
✔ 集合棒の共通化は既存の棒幅・間隔・0基準を保つ (0.3981ms)
✔ 複合は空項目を除き単一項目でもカテゴリ中央へ点を配置する (0.2576ms)
✔ 複合は不正入力を確定しない: NaN (0.1107ms)
✔ 複合は不正入力を確定しない: Infinity (0.0411ms)
✔ 複合は不正入力を確定しない: -Infinity (0.0276ms)
✔ 複合は不正入力を確定しない:  (0.0271ms)
✔ 複合は不正入力を確定しない: - (0.0258ms)
✔ 複合は不正入力を確定しない: 1e (0.0331ms)
✔ 複合の種類往復は選択・旧棒設定・ID・値を維持し描画座標を保存しない (0.7451ms)
✔ 旧本文と不正な複合IDは読み込みだけでは変更せず表示用フォールバックを使う (0.2949ms)
✔ 複合の値ラベルは衝突・幅不足時に省略を選べる (0.1546ms)
✔ 二軸の欠損・不正モードは単一軸: undefined (0.1412ms)
✔ 二軸の欠損・不正モードは単一軸: null (0.1084ms)
✔ 二軸の欠損・不正モードは単一軸: "" (0.0837ms)
✔ 二軸の欠損・不正モードは単一軸: "other" (0.5541ms)
✔ 二軸の欠損・不正モードは単一軸: 1 (0.1286ms)
✔ 二軸の欠損・不正モードは単一軸: {} (0.0845ms)
✔ 二軸の欠損・不正モードは単一軸: "single" (0.0921ms)
✔ 二軸設定・安全な単位は保存、種類往復、系列と項目の移動・削除で保持する (0.8615ms)
✔ 二軸の独立範囲・共通0・有限座標・凍結入力: 左右正数 (0.6381ms)
✔ 二軸の独立範囲・共通0・有限座標・凍結入力: 左右負数 (0.2503ms)
✔ 二軸の独立範囲・共通0・有限座標・凍結入力: 左右混在 (0.246ms)
✔ 二軸の独立範囲・共通0・有限座標・凍結入力: 正と負の片側拡張 (0.2585ms)
✔ 二軸の独立範囲・共通0・有限座標・凍結入力: 片側混在 (0.2846ms)
✔ 二軸の独立範囲・共通0・有限座標・凍結入力: 棒全0 (0.255ms)
✔ 二軸の独立範囲・共通0・有限座標・凍結入力: 折れ線全0 (0.2008ms)
✔ 二軸の独立範囲・共通0・有限座標・凍結入力: 全0 (0.1923ms)
✔ 二軸の独立範囲・共通0・有限座標・凍結入力: 小数 (0.2229ms)
✔ 二軸の独立範囲・共通0・有限座標・凍結入力: 最小有限 (0.1864ms)
✔ 二軸の独立範囲・共通0・有限座標・凍結入力: 最大有限 (0.2293ms)
✔ 二軸の独立範囲・共通0・有限座標・凍結入力: 軸間の桁差 (0.2148ms)
✔ 二軸の独立範囲・共通0・有限座標・凍結入力: 軸内の桁差 (0.2357ms)
✔ 二軸の独立範囲・共通0・有限座標・凍結入力: 3系列 (0.5774ms)
✔ 二軸の往復後も単一軸の座標・軸ラベルは従来と一致する (1.4401ms)
✔ 軸タイトルのない旧マーカーへ任意フィールドを追加しない (0.2645ms)
✔ 軸タイトル表示: ["売上","万円"] (0.0368ms)
✔ 軸タイトル表示: ["成長率","%"] (0.019ms)
✔ 軸タイトル表示: [" 売上 ",""] (0.0159ms)
✔ 軸タイトル表示: [""," 万円 "] (0.0146ms)
✔ 軸タイトル表示: ["",""] (0.0472ms)
✔ 軸タイトル表示: [null,null] (0.0448ms)
✔ 軸タイトル表示: ["  "," "] (0.0205ms)
✔ 左右軸の任意タイトルを安全な文字列へ正規化し元値とともに保存復元する (0.4055ms)
✔ 二軸の解除・種類往復・系列順変更でも左右タイトルと単位を保持する (0.653ms)
✔ 系列の単位は二軸の安定ID選択を参照し、空単位と単一軸へ安全に戻る (0.0831ms)
✔ 軸タイトルは座標・軸範囲・目盛り計算を変えない (0.1493ms)
✔ 左右タイトルと単位はMarkdown・ZIP用bundle・ローカル保存の入出力経路で保持する (4.8019ms)
✔ TSV: 改行と左上セル ["\n","項目"] (0.2349ms)
✔ TSV: 改行と左上セル ["\n",""] (0.0469ms)
✔ TSV: 改行と左上セル ["\r\n","項目"] (0.0595ms)
✔ TSV: 改行と左上セル ["\r\n",""] (0.0395ms)
✔ TSV: 有限値を保持 1 (0.0559ms)
✔ TSV: 有限値を保持 0 (0.0259ms)
✔ TSV: 有限値を保持 -0 (0.0202ms)
✔ TSV: 有限値を保持 -12 (0.0185ms)
✔ TSV: 有限値を保持 0.125 (0.0194ms)
✔ TSV: 有限値を保持 1e-4 (0.0207ms)
✔ TSV: 有限値を保持 5e-324 (0.0191ms)
✔ TSV: 有限値を保持 1.7976931348623157e308 (0.0218ms)
✔ TSV: 有限値を保持 -1.7976931348623157e308 (0.0191ms)
✔ TSV: 無効な数値と位置 "NaN" (0.0617ms)
✔ TSV: 無効な数値と位置 "Infinity" (0.0226ms)
✔ TSV: 無効な数値と位置 "-Infinity" (0.0338ms)
✔ TSV: 無効な数値と位置 "" (0.0242ms)
✔ TSV: 無効な数値と位置 " " (0.0196ms)
✔ TSV: 無効な数値と位置 "abc" (0.019ms)
✔ TSV: 無効な数値と位置 "1,234" (0.0189ms)
✔ TSV: 無効な数値と位置 "25%" (0.0181ms)
✔ TSV: 無効な数値と位置 "￥100" (0.025ms)
✔ TSV: 無効な数値と位置 "=1+2" (0.0214ms)
✔ TSV: 無効な数値と位置 "\"12\"" (0.019ms)
✔ TSV: 構造エラー /TSV/ 1:1 (0.0359ms)
✔ TSV: 構造エラー /項目データ/ 2:1 (0.0496ms)
✔ TSV: 構造エラー /タブ区切り/ 1:2 (0.0268ms)
✔ TSV: 構造エラー /CSV/ 1:2 (0.0241ms)
✔ TSV: 構造エラー /系列名/ 1:2 (0.0493ms)
✔ TSV: 構造エラー /項目名/ 2:1 (0.0291ms)
✔ TSV: 構造エラー /空行/ 3:1 (0.0236ms)
✔ TSV: 構造エラー /列数/ 2:3 (0.0184ms)
✔ TSV: 構造エラー /列数/ 2:3 (0.0327ms)
✔ TSV: 構造エラー /最大3件/ 1:5 (0.0239ms)
✔ TSV: 構造エラー /最大50件/ 52:1 (0.026ms)
✔ TSV: 既存上限50項目3系列を受理 (0.101ms)
✔ TSV: 位置でID・色・全設定を維持し凍結入力を変更しない (0.4892ms)
✔ TSV: 削除された色を整理し系列選択を維持・フォールバック (0.1609ms)
✔ TSV: 再追加で削除IDを再利用せず既定色を割り当てる (0.1452ms)
✔ TSV: 種類の検証を迂回せず無効draftを保持 (0.1109ms)
✔ 描画完了まで印刷を待ち、大きな図を縦横比を保つzoomで縮小する (2.6245ms)
✔ 画像decode失敗時は印刷せず一時表示を復元する (0.6384ms)
✔ 描画中にPreviewが更新されたら古い内容を印刷しない (0.5161ms)
✔ 二重実行を拒否し、終了後に再実行できる (0.6689ms)
✔ 空タイトルの既定名と印刷API失敗時の復元 (0.6088ms)
✔ Mermaid描画とフォント待機の両方が終わるまで印刷しない (0.7225ms)
✔ 印刷CSS失敗と準備中の終了は印刷せず、再開可能な状態へ戻る (0.5261ms)
✔ 先頭Timeline項目は親sectionの見出し分も確保して印刷する (0.6086ms)
✔ 長い説明を含むFigureは全体を縮めず分割でき、一時styleを復元する (0.6098ms)
✔ 画像を持たない長いTimeline項目は文字サイズを維持して分割できる (0.5998ms)
✔ ページを超えるキャプションは画像の縮小余地をすべて奪わない (0.6543ms)
ℹ tests 228
ℹ suites 0
ℹ pass 228
ℹ fail 0
ℹ cancelled 0
ℹ skipped 0
ℹ todo 0
ℹ duration_ms 230.327
